2025-08-20T12:47:50.343+09:00  INFO 12644 --- [k5_iot_springboot] [main] c.e.k.K5IotSpringbootApplication         : Starting K5IotSpringbootApplication using Java 17.0.12 with PID 12644 (C:\_김보민\k5_iot_springboot\build\classes\java\main started by user in C:\_김보민\k5_iot_springboot)
2025-08-20T12:47:50.345+09:00  INFO 12644 --- [k5_iot_springboot] [main] c.e.k.K5IotSpringbootApplication         : No active profile set, falling back to 1 default profile: "default"
2025-08-20T12:47:50.761+09:00  INFO 12644 --- [k5_iot_springboot] [main] .s.d.r.c.RepositoryConfigurationDelegate : Bootstrapping Spring Data JPA repositories in DEFAULT mode.
2025-08-20T12:47:50.813+09:00  INFO 12644 --- [k5_iot_springboot] [main] .s.d.r.c.RepositoryConfigurationDelegate : Finished Spring Data repository scanning in 45 ms. Found 5 JPA repository interfaces.
2025-08-20T12:47:51.071+09:00  INFO 12644 --- [k5_iot_springboot] [main] o.s.b.w.embedded.tomcat.TomcatWebServer  : Tomcat initialized with port 8080 (http)
2025-08-20T12:47:51.080+09:00  INFO 12644 --- [k5_iot_springboot] [main] o.apache.catalina.core.StandardService   : Starting service [Tomcat]
2025-08-20T12:47:51.080+09:00  INFO 12644 --- [k5_iot_springboot] [main] o.apache.catalina.core.StandardEngine    : Starting Servlet engine: [Apache Tomcat/10.1.43]
2025-08-20T12:47:51.111+09:00  INFO 12644 --- [k5_iot_springboot] [main] o.a.c.c.C.[Tomcat].[localhost].[/]       : Initializing Spring embedded WebApplicationContext
2025-08-20T12:47:51.111+09:00  INFO 12644 --- [k5_iot_springboot] [main] w.s.c.ServletWebServerApplicationContext : Root WebApplicationContext: initialization completed in 741 ms
2025-08-20T12:47:51.204+09:00  INFO 12644 --- [k5_iot_springboot] [main] o.hibernate.jpa.internal.util.LogHelper  : HHH000204: Processing PersistenceUnitInfo [name: default]
2025-08-20T12:47:51.236+09:00  INFO 12644 --- [k5_iot_springboot] [main] org.hibernate.Version                    : HHH000412: Hibernate ORM core version 6.6.22.Final
2025-08-20T12:47:51.258+09:00  INFO 12644 --- [k5_iot_springboot] [main] o.h.c.internal.RegionFactoryInitiator    : HHH000026: Second-level cache disabled
2025-08-20T12:47:51.450+09:00  INFO 12644 --- [k5_iot_springboot] [main] o.s.o.j.p.SpringPersistenceUnitInfo      : No LoadTimeWeaver setup: ignoring JPA class transformer
2025-08-20T12:47:51.469+09:00  INFO 12644 --- [k5_iot_springboot] [main] com.zaxxer.hikari.HikariDataSource       : HikariPool-1 - Starting...
2025-08-20T12:47:51.651+09:00  INFO 12644 --- [k5_iot_springboot] [main] com.zaxxer.hikari.pool.HikariPool        : HikariPool-1 - Added connection com.mysql.cj.jdbc.ConnectionImpl@12670e55
2025-08-20T12:47:51.652+09:00  INFO 12644 --- [k5_iot_springboot] [main] com.zaxxer.hikari.HikariDataSource       : HikariPool-1 - Start completed.
2025-08-20T12:47:51.706+09:00  INFO 12644 --- [k5_iot_springboot] [main] org.hibernate.orm.connections.pooling    : HHH10001005: Database info:
	Database JDBC URL [Connecting through datasource 'HikariDataSource (HikariPool-1)']
	Database driver: undefined/unknown
	Database version: 8.0.43
	Autocommit mode: undefined/unknown
	Isolation level: undefined/unknown
	Minimum pool size: undefined/unknown
	Maximum pool size: undefined/unknown
2025-08-20T12:47:52.323+09:00  INFO 12644 --- [k5_iot_springboot] [main] o.h.e.t.j.p.i.JtaPlatformInitiator       : HHH000489: No JTA platform available (set 'hibernate.transaction.jta.platform' to enable JTA platform integration)
2025-08-20T12:47:52.351+09:00  INFO 12644 --- [k5_iot_springboot] [main] j.LocalContainerEntityManagerFactoryBean : Initialized JPA EntityManagerFactory for persistence unit 'default'
2025-08-20T12:47:52.610+09:00  INFO 12644 --- [k5_iot_springboot] [main] o.s.d.j.r.query.QueryEnhancerFactory     : Hibernate is in classpath; If applicable, HQL parser will be used.
2025-08-20T12:47:53.092+09:00  WARN 12644 --- [k5_iot_springboot] [main] JpaBaseConfiguration$JpaWebConfiguration : spring.jpa.open-in-view is enabled by default. Therefore, database queries may be performed during view rendering. Explicitly configure spring.jpa.open-in-view to disable this warning
2025-08-20T12:47:53.308+09:00  INFO 12644 --- [k5_iot_springboot] [main] o.s.b.w.embedded.tomcat.TomcatWebServer  : Tomcat started on port 8080 (http) with context path '/'
2025-08-20T12:47:53.314+09:00  INFO 12644 --- [k5_iot_springboot] [main] c.e.k.K5IotSpringbootApplication         : Started K5IotSpringbootApplication in 3.25 seconds (process running for 3.633)
2025-08-20T12:48:20.396+09:00  INFO 12644 --- [k5_iot_springboot] [http-nio-8080-exec-2] o.a.c.c.C.[Tomcat].[localhost].[/]       : Initializing Spring DispatcherServlet 'dispatcherServlet'
2025-08-20T12:48:20.397+09:00  INFO 12644 --- [k5_iot_springboot] [http-nio-8080-exec-2] o.s.web.servlet.DispatcherServlet        : Initializing Servlet 'dispatcherServlet'
2025-08-20T12:48:20.397+09:00  INFO 12644 --- [k5_iot_springboot] [http-nio-8080-exec-2] o.s.web.servlet.DispatcherServlet        : Completed initialization in 0 ms
2025-08-20T12:48:20.493+09:00  WARN 12644 --- [k5_iot_springboot] [http-nio-8080-exec-2] c.e.k.handler.GlobalExceptionHandler     : Validation failed: Validation failed for argument [0] in public org.springframework.http.ResponseEntity<com.example.k5_iot_springboot.dto.ResponseDto<com.example.k5_iot_springboot.dto.D_Post.response.PostDetailResponseDto>> com.example.k5_iot_springboot.controller.D_PostController.createPost(com.example.k5_iot_springboot.dto.D_Post.request.PostCreateRequestDto): [Field error in object 'postCreateRequestDto' on field 'author': rejected value [ㅁㅁㅁㅁㅁㅁㅁㅁㅁㅁㅁㅁㅁㅁㅁㅁㅁㅁㅁㅁㅁㅁㅁㅁㅁㅁㅁㅁㅁㅁㅁㅁㅁㅁㅁㅁㅁㅁㅁㅁㅁㅁㅁㅁㅁㅁㅁㅁㅁㅁㅁㅁㅁㅁㅁㅁㅁㅁㅁㅁㅁㅁㅁㅁㅁㅁㅁㅁㅁㅁㅁㅁㅁㅁㅁㅁㅁㅁㅁㅁㅁㅁㅁㅁㅁㅁㅁㅁㅁㅁㅁㅁㅁㅁㅁㅁㅁㅁㅁㅁㅁㅁㅁㅁㅁㅁㅁㅁㅁㅁㅁㅁㅁㅁㅁㅁㅁㅁㅁㅁㅁㅁㅁㅁㅁㅁㅁㅁㅁㅁㅁㅁㅁㅁㅁㅁㅁㅁㅁㅁㅁㅁㅁㅁㅁㅁㅁㅁㅁㅁㅁㅁㅁㅁㅁㅁㅁㅁㅁㅁㅁㅁㅁㅁㅁㅁㅁㅁㅁㅁㅁㅁㅁㅁㅁㅁㅁㅁㅁㅁㅁㅁㅁㅁㅁㅁㅁㅁㅁㅁㅁㅁㅁㅁㅁㅁㅁㅁㅁㅁㅁㅁㅁㅁ]; codes [Size.postCreateRequestDto.author,Size.author,Size.java.lang.String,Size]; arguments [org.springframework.context.support.DefaultMessageSourceResolvable: codes [postCreateRequestDto.author,author]; arguments []; default message [author],100,0]; default message [작성자는 최대 100자까지 입력 가능합니다.]] 
2025-08-20T12:48:34.494+09:00  WARN 12644 --- [k5_iot_springboot] [http-nio-8080-exec-4] c.e.k.handler.GlobalExceptionHandler     : Validation failed: Validation failed for argument [0] in public org.springframework.http.ResponseEntity<com.example.k5_iot_springboot.dto.ResponseDto<com.example.k5_iot_springboot.dto.D_Post.response.PostDetailResponseDto>> com.example.k5_iot_springboot.controller.D_PostController.createPost(com.example.k5_iot_springboot.dto.D_Post.request.PostCreateRequestDto): [Field error in object 'postCreateRequestDto' on field 'author': rejected value [ㅁㅁㅁㅁㅁㅁㅁㅁㅁㅁㅁㅁㅁㅁㅁㅁㅁㅁㅁㅁㅁㅁㅁㅁㅁㅁㅁㅁㅁㅁㅁㅁㅁㅁㅁㅁㅁㅁㅁㅁㅁㅁㅁㅁㅁㅁㅁㅁㅁㅁㅁㅁㅁㅁㅁㅁㅁㅁㅁㅁㅁㅁㅁㅁㅁㅁㅁㅁㅁㅁㅁㅁㅁㅁㅁㅁㅁㅁㅁㅁㅁㅁㅁㅁㅁㅁㅁㅁㅁㅁㅁㅁㅁㅁㅁㅁㅁㅁㅁㅁㅁㅁㅁㅁㅁㅁㅁㅁㅁㅁㅁㅁㅁㅁㅁㅁㅁㅁㅁㅁㅁㅁㅁㅁㅁㅁㅁㅁㅁㅁㅁㅁㅁㅁㅁㅁㅁㅁㅁㅁㅁㅁㅁㅁㅁㅁㅁㅁㅁㅁㅁㅁㅁㅁㅁㅁㅁㅁㅁㅁㅁㅁㅁㅁㅁㅁㅁㅁㅁㅁㅁㅁㅁㅁㅁㅁㅁㅁㅁㅁㅁㅁㅁㅁㅁㅁㅁㅁㅁㅁㅁㅁㅁㅁㅁㅁㅁㅁㅁㅁㅁㅁㅁㅁ]; codes [Size.postCreateRequestDto.author,Size.author,Size.java.lang.String,Size]; arguments [org.springframework.context.support.DefaultMessageSourceResolvable: codes [postCreateRequestDto.author,author]; arguments []; default message [author],100,0]; default message [작성자는 최대 100자까지 입력 가능합니다.]] 
2025-08-20T12:48:41.467+09:00  WARN 12644 --- [k5_iot_springboot] [http-nio-8080-exec-6] c.e.k.handler.GlobalExceptionHandler     : Not Found: 해당 id의 게시글을 찾을 수 없습니다.
2025-08-20T14:40:48.847+09:00  INFO 12644 --- [k5_iot_springboot] [SpringApplicationShutdownHook] o.s.b.w.e.tomcat.GracefulShutdown        : Commencing graceful shutdown. Waiting for active requests to complete
2025-08-20T14:40:48.907+09:00  INFO 12644 --- [k5_iot_springboot] [tomcat-shutdown] o.s.b.w.e.tomcat.GracefulShutdown        : Graceful shutdown complete
2025-08-20T14:40:48.910+09:00  INFO 12644 --- [k5_iot_springboot] [SpringApplicationShutdownHook] j.LocalContainerEntityManagerFactoryBean : Closing JPA EntityManagerFactory for persistence unit 'default'
2025-08-20T14:40:48.911+09:00  INFO 12644 --- [k5_iot_springboot] [SpringApplicationShutdownHook] com.zaxxer.hikari.HikariDataSource       : HikariPool-1 - Shutdown initiated...
2025-08-20T14:40:48.914+09:00  INFO 12644 --- [k5_iot_springboot] [SpringApplicationShutdownHook] com.zaxxer.hikari.HikariDataSource       : HikariPool-1 - Shutdown completed.
